// Jest Snapshot v1, https://goo.gl/fbAQLP

exports[`AppHeader Render <AppHeader> 1`] = `
<DocumentFragment>
  <div
    class="css-1bi6gex"
  >
    <div
      class="css-nga5lq"
      role="userForm"
    >
      <form
        action="#"
      >
        <label
          for="firstName"
        >
          Имя
        </label>
        <input
          id="firstName"
          name="firstName"
          placeholder="Введите ммя"
          value=""
        />
        <label
          for="lastName"
        >
          Фамилия
        </label>
        <input
          id="lastName"
          name="lastName"
          placeholder="Введите фамилию"
          value=""
        />
        <button
          type="submit"
        >
          Сохранить
        </button>
        <label
          class="css-12vxlcv"
        >
           
        </label>
      </form>
    </div>
    <div
      class="css-1ng1nrc"
    >
      Поиск:
      <input
        role="filterInput"
      />
    </div>
  </div>
</DocumentFragment>
`;
