// Jest Snapshot v1, https://goo.gl/fbAQLP

exports[`render App 1`] = `
<DocumentFragment>
  <div
    class="App"
  >
    <header
      class="App-header"
    >
      <p>
        Game of Life
      </p>
    </header>
    <section
      class="css-1ce6rfj"
      role="cellsGrid"
    >
      <div
        class="css-1wsqmx8"
        role="cellContainer"
      >
        <span
          class="css-boqvn6"
          role="cellContent"
        />
      </div>
      <div
        class="css-alzgoi"
        role="cellContainer"
      >
        <span
          class="css-boqvn6"
          role="cellContent"
        />
      </div>
      <div
        class="css-1jsets4"
        role="cellContainer"
      >
        <span
          class="css-boqvn6"
          role="cellContent"
        />
      </div>
      <div
        class="css-1wsqmx8"
        role="cellContainer"
      >
        <span
          class="css-boqvn6"
          role="cellContent"
        />
      </div>
      <div
        class="css-alzgoi"
        role="cellContainer"
      >
        <span
          class="css-boqvn6"
          role="cellContent"
        />
      </div>
      <div
        class="css-1jsets4"
        role="cellContainer"
      >
        <span
          class="css-boqvn6"
          role="cellContent"
        />
      </div>
      <div
        class="css-1wsqmx8"
        role="cellContainer"
      >
        <span
          class="css-boqvn6"
          role="cellContent"
        />
      </div>
      <div
        class="css-alzgoi"
        role="cellContainer"
      >
        <span
          class="css-boqvn6"
          role="cellContent"
        />
      </div>
      <div
        class="css-1jsets4"
        role="cellContainer"
      >
        <span
          class="css-boqvn6"
          role="cellContent"
        />
      </div>
      <div
        style="clear: both;"
      />
    </section>
  </div>
</DocumentFragment>
`;
